[    0.000000] Initializing cgroup subsys cpuset
[    0.000000] Initializing cgroup subsys cpu
[    0.000000] Initializing cgroup subsys cpuacct
[    0.000000] Linux version 4.4.0-184-generic (buildd@lgw01-amd64-060) (gcc version 5.4.0 20160609 (Ubuntu 5.4.0-6ubuntu1~16.04.12) ) #214-Ubuntu SMP Thu Jun 4 10:14:11 UTC 2020 (Ubuntu 4.4.0-184.214-generic 4.4.223)
[    0.000000] Command line: BOOT_IMAGE=/boot/vmlinuz-4.4.0-184-generic root=LABEL=cloudimg-rootfs ro console=tty1 console=ttyS0
[    0.000000] KERNEL supported cpus:
[    0.000000]   Intel GenuineIntel
[    0.000000]   AMD AuthenticAMD
[    0.000000]   Centaur CentaurHauls
[    0.000000] x86/fpu: xstate_offset[2]:  576, xstate_sizes[2]:  256
[    0.000000] x86/fpu: Supporting XSAVE feature 0x01: 'x87 floating point registers'
[    0.000000] x86/fpu: Supporting XSAVE feature 0x02: 'SSE registers'
[    0.000000] x86/fpu: Supporting XSAVE feature 0x04: 'AVX registers'
[    0.000000] x86/fpu: Enabled xstate features 0x7, context size is 832 bytes, using 'standard' format.
[    0.000000] e820: BIOS-provided physical RAM map:
[    0.000000] BIOS-e820: [mem 0x0000000000000000-0x000000000009fbff] usable
[    0.000000] BIOS-e820: [mem 0x000000000009fc00-0x000000000009ffff] reserved
[    0.000000] BIOS-e820: [mem 0x00000000000f0000-0x00000000000fffff] reserved
[    0.000000] BIOS-e820: [mem 0x0000000000100000-0x000000003ffeffff] usable
[    0.000000] BIOS-e820: [mem 0x000000003fff0000-0x000000003fffffff] ACPI data
[    0.000000] BIOS-e820: [mem 0x00000000fec00000-0x00000000fec00fff] reserved
[    0.000000] BIOS-e820: [mem 0x00000000fee00000-0x00000000fee00fff] reserved
[    0.000000] BIOS-e820: [mem 0x00000000fffc0000-0x00000000ffffffff] reserved
[    0.000000] NX (Execute Disable) protection: active
[    0.000000] SMBIOS 2.5 present.
[    0.000000] Hypervisor detected: KVM
[    0.000000] e820: last_pfn = 0x3fff0 max_arch_pfn = 0x400000000
[    0.000000] MTRR: Disabled
[    0.000000] x86/PAT: MTRRs disabled, skipping PAT initialization too.
[    0.000000] CPU MTRRs all blank - virtualized system.
[    0.000000] x86/PAT: Configuration [0-7]: WB  WT  UC- UC  WB  WT  UC- UC  
[    0.000000] found SMP MP-table at [mem 0x0009fff0-0x0009ffff] mapped at [ffff88000009fff0]
[    0.000000] Scanning 1 areas for low memory corruption
[    0.000000] RAMDISK: [mem 0x362de000-0x37166fff]
[    0.000000] ACPI: Early table checksum verification disabled
[    0.000000] ACPI: RSDP 0x00000000000E0000 000024 (v02 VBOX  )
[    0.000000] ACPI: XSDT 0x000000003FFF0030 00003C (v01 VBOX   VBOXXSDT 00000001 ASL  00000061)
[    0.000000] ACPI: FACP 0x000000003FFF00F0 0000F4 (v04 VBOX   VBOXFACP 00000001 ASL  00000061)
[    0.000000] ACPI: DSDT 0x000000003FFF0470 002325 (v02 VBOX   VBOXBIOS 00000002 INTL 20100528)
[    0.000000] ACPI: FACS 0x000000003FFF0200 000040
[    0.000000] ACPI: FACS 0x000000003FFF0200 000040
[    0.000000] ACPI: APIC 0x000000003FFF0240 00005C (v02 VBOX   VBOXAPIC 00000001 ASL  00000061)
[    0.000000] ACPI: SSDT 0x000000003FFF02A0 0001CC (v01 VBOX   VBOXCPUT 00000002 INTL 20100528)
[    0.000000] No NUMA configuration found
[    0.000000] Faking a node at [mem 0x0000000000000000-0x000000003ffeffff]
[    0.000000] NODE_DATA(0) allocated [mem 0x3ffeb000-0x3ffeffff]
[    0.000000] kvm-clock: Using msrs 4b564d01 and 4b564d00
[    0.000000] kvm-clock: cpu 0, msr 0:3ffe3001, primary cpu clock
[    0.000000] kvm-clock: using sched offset of 7183220989 cycles
[    0.000000] clocksource: kvm-clock: mask: 0xffffffffffffffff max_cycles: 0x1cd42e4dffb, max_idle_ns: 881590591483 ns
[    0.000000] Zone ranges:
[    0.000000]   DMA      [mem 0x0000000000001000-0x0000000000ffffff]
[    0.000000]   DMA32    [mem 0x0000000001000000-0x000000003ffeffff]
[    0.000000]   Normal   empty
[    0.000000]   Device   empty
[    0.000000] Movable zone start for each node
[    0.000000] Early memory node ranges
[    0.000000]   node   0: [mem 0x0000000000001000-0x000000000009efff]
[    0.000000]   node   0: [mem 0x0000000000100000-0x000000003ffeffff]
[    0.000000] Initmem setup node 0 [mem 0x0000000000001000-0x000000003ffeffff]
[    0.000000] ACPI: PM-Timer IO Port: 0x4008
[    0.000000] IOAPIC[0]: apic_id 2, version 32, address 0xfec00000, GSI 0-23
[    0.000000] ACPI: INT_SRC_OVR (bus 0 bus_irq 0 global_irq 2 dfl dfl)
[    0.000000] ACPI: INT_SRC_OVR (bus 0 bus_irq 9 global_irq 9 low level)
[    0.000000] Using ACPI (MADT) for SMP configuration information
[    0.000000] smpboot: Allowing 2 CPUs, 0 hotplug CPUs
[    0.000000] PM: Registered nosave memory: [mem 0x00000000-0x00000fff]
[    0.000000] PM: Registered nosave memory: [mem 0x0009f000-0x0009ffff]
[    0.000000] PM: Registered nosave memory: [mem 0x000a0000-0x000effff]
[    0.000000] PM: Registered nosave memory: [mem 0x000f0000-0x000fffff]
[    0.000000] e820: [mem 0x40000000-0xfebfffff] available for PCI devices
[    0.000000] Booting paravirtualized kernel on KVM
[    0.000000] clocksource: refined-jiffies: mask: 0xffffffff max_cycles: 0xffffffff, max_idle_ns: 7645519600211568 ns
[    0.000000] setup_percpu: NR_CPUS:512 nr_cpumask_bits:512 nr_cpu_ids:2 nr_node_ids:1
[    0.000000] PERCPU: Embedded 33 pages/cpu @ffff88003fc00000 s95448 r8192 d31528 u1048576
[    0.000000] Built 1 zonelists in Node order, mobility grouping on.  Total pages: 257912
[    0.000000] Policy zone: DMA32
[    0.000000] Kernel command line: BOOT_IMAGE=/boot/vmlinuz-4.4.0-184-generic root=LABEL=cloudimg-rootfs ro console=tty1 console=ttyS0
[    0.000000] PID hash table entries: 4096 (order: 3, 32768 bytes)
[    0.000000] Memory: 997664K/1048120K available (8632K kernel code, 1336K rwdata, 4036K rodata, 1492K init, 1292K bss, 50456K reserved, 0K cma-reserved)
[    0.000000] SLUB: HWalign=64, Order=0-3, MinObjects=0, CPUs=2, Nodes=1
[    0.000000] Kernel/User page tables isolation: enabled
[    0.000000] Hierarchical RCU implementation.
[    0.000000] 	Build-time adjustment of leaf fanout to 64.
[    0.000000] 	RCU restricting CPUs from NR_CPUS=512 to nr_cpu_ids=2.
[    0.000000] RCU: Adjusting geometry for rcu_fanout_leaf=64, nr_cpu_ids=2
[    0.000000] NR_IRQS:33024 nr_irqs:440 16
[    0.000000] Console: colour VGA+ 80x25
[    0.000000] console [tty1] enabled
[    0.000000] console [ttyS0] enabled
[    0.000000] tsc: Detected 2394.458 MHz processor
[    0.558140] Calibrating delay loop (skipped) preset value.. 4788.91 BogoMIPS (lpj=9577832)
[    0.562299] pid_max: default: 32768 minimum: 301
[    0.564387] ACPI: Core revision 20150930
[    0.573575] ACPI: 2 ACPI AML tables successfully acquired and loaded
[    0.577555] Security Framework initialized
[    0.579772] Yama: becoming mindful.
[    0.581784] AppArmor: AppArmor initialized
[    0.587099] Dentry cache hash table entries: 131072 (order: 8, 1048576 bytes)
[    0.598974] Inode-cache hash table entries: 65536 (order: 7, 524288 bytes)
[    0.609080] Mount-cache hash table entries: 2048 (order: 2, 16384 bytes)
[    0.613487] Mountpoint-cache hash table entries: 2048 (order: 2, 16384 bytes)
[    0.618336] Initializing cgroup subsys io
[    0.622292] Initializing cgroup subsys memory
[    0.625649] Initializing cgroup subsys devices
[    0.628088] Initializing cgroup subsys freezer
[    0.630997] Initializing cgroup subsys net_cls
[    0.634998] Initializing cgroup subsys perf_event
[    0.638525] Initializing cgroup subsys net_prio
[    0.641642] Initializing cgroup subsys hugetlb
[    0.644335] Initializing cgroup subsys pids
[    0.648093] mce: CPU supports 0 MCE banks
[    0.653095] Last level iTLB entries: 4KB 64, 2MB 8, 4MB 8
[    0.658412] Last level dTLB entries: 4KB 64, 2MB 0, 4MB 0, 1GB 4
[    0.661747] Spectre V1 : Mitigation: usercopy/swapgs barriers and __user pointer sanitization
[    0.668783] Spectre V2 : Mitigation: Full generic retpoline
[    0.674469] Spectre V2 : Spectre v2 / SpectreRSB mitigation: Filling RSB on context switch
[    0.679353] Speculative Store Bypass: Vulnerable
[    0.687039] SRBDS: Unknown: Dependent on hypervisor status
[    0.691251] MDS: Vulnerable: Clear CPU buffers attempted, no microcode
[    0.707794] Freeing SMP alternatives memory: 36K
[    0.729637] ftrace: allocating 32319 entries in 127 pages
[    0.919911] smpboot: APIC(0) Converting physical 0 to logical package 0
[    0.925853] smpboot: Max logical packages: 1
[    0.929944] x2apic enabled
[    0.933299] Switched APIC routing to physical x2apic.
[    0.942449] ..TIMER: vector=0x30 apic1=0 pin1=2 apic2=-1 pin2=-1
[    1.055270] smpboot: CPU0: Intel(R) Core(TM) i7-5500U CPU @ 2.40GHz (family: 0x6, model: 0x3d, stepping: 0x4)
[    1.061598] Performance Events: unsupported p6 CPU model 61 no PMU driver, software events only.
[    1.092813] KVM setup paravirtual spinlock
[    1.096079] x86: Booting SMP configuration:
[    1.098788] .... node  #0, CPUs:      #1
[    1.104529] kvm-clock: cpu 1, msr 0:3ffe3041, secondary cpu clock
[    1.110744] mce: CPU supports 0 MCE banks
[    1.117427] x86: Booted up 1 node, 2 CPUs
[    1.123048] smpboot: Total of 2 processors activated (9577.83 BogoMIPS)
[    1.128808] devtmpfs: initialized
[    1.147153] evm: security.selinux
[    1.149021] evm: security.SMACK64
[    1.153313] evm: security.SMACK64EXEC
[    1.158491] evm: security.SMACK64TRANSMUTE
[    1.161695] evm: security.SMACK64MMAP
[    1.164247] evm: security.ima
[    1.166934] evm: security.capability
[    1.173535] clocksource: jiffies: mask: 0xffffffff max_cycles: 0xffffffff, max_idle_ns: 7645041785100000 ns
[    1.178431] futex hash table entries: 512 (order: 3, 32768 bytes)
[    1.181745] pinctrl core: initialized pinctrl subsystem
[    1.185299] RTC time: 17:06:46, date: 07/02/20
[    1.191022] NET: Registered protocol family 16
[    1.207044] cpuidle: using governor ladder
[    1.221100] cpuidle: using governor menu
[    1.224101] PCCT header not found.
[    1.226778] ACPI: bus type PCI registered
[    1.229048] acpiphp: ACPI Hot Plug PCI Controller Driver version: 0.5
[    1.232017] PCI: Using configuration type 1 for base access
[    1.252138] ACPI: Added _OSI(Module Device)
[    1.257078] ACPI: Added _OSI(Processor Device)
[    1.259600] ACPI: Added _OSI(3.0 _SCP Extensions)
[    1.261805] ACPI: Added _OSI(Processor Aggregator Device)
[    1.266057] ACPI: Executed 1 blocks of module-level executable AML code
[    1.280967] ACPI: Interpreter enabled
[    1.283199] ACPI: (supports S0 S5)
[    1.287291] ACPI: Using IOAPIC for interrupt routing
[    1.291146] PCI: Using host bridge windows from ACPI; if necessary, use "pci=nocrs" and report a bug
[    1.317957] ACPI: PCI Root Bridge [PCI0] (domain 0000 [bus 00-ff])
[    1.324363] acpi PNP0A03:00: _OSC: OS supports [ASPM ClockPM Segments MSI]
[    1.328513] acpi PNP0A03:00: _OSC: not requesting OS control; OS requires [ExtendedConfig ASPM ClockPM MSI]
[    1.333293] acpi PNP0A03:00: fail to add MMCONFIG information, can't access extended PCI configuration space under this bridge.
[    1.343809] PCI host bridge to bus 0000:00
[    1.346611] pci_bus 0000:00: root bus resource [io  0x0000-0x0cf7 window]
[    1.350079] pci_bus 0000:00: root bus resource [io  0x0d00-0xffff window]
[    1.356650] pci_bus 0000:00: root bus resource [mem 0x000a0000-0x000bffff window]
[    1.360908] pci_bus 0000:00: root bus resource [mem 0x40000000-0xfdffffff window]
[    1.364471] pci_bus 0000:00: root bus resource [bus 00-ff]
[    1.374601] pci 0000:00:01.1: legacy IDE quirk: reg 0x10: [io  0x01f0-0x01f7]
[    1.378288] pci 0000:00:01.1: legacy IDE quirk: reg 0x14: [io  0x03f6]
[    1.381682] pci 0000:00:01.1: legacy IDE quirk: reg 0x18: [io  0x0170-0x0177]
[    1.430395] pci 0000:00:01.1: legacy IDE quirk: reg 0x1c: [io  0x0376]
[    1.483775] pci 0000:00:07.0: quirk: [io  0x4000-0x403f] claimed by PIIX4 ACPI
[    1.490197] pci 0000:00:07.0: quirk: [io  0x4100-0x410f] claimed by PIIX4 SMB
[    1.523858] ACPI: PCI Interrupt Link [LNKA] (IRQs 5 9 10 *11)
[    1.529199] ACPI: PCI Interrupt Link [LNKB] (IRQs 5 9 *10 11)
[    1.534349] ACPI: PCI Interrupt Link [LNKC] (IRQs 5 *9 10 11)
[    1.540930] ACPI: PCI Interrupt Link [LNKD] (IRQs 5 9 10 *11)
[    1.545548] ACPI: Enabled 2 GPEs in block 00 to 07
[    1.555349] vgaarb: setting as boot device: PCI:0000:00:02.0
[    1.558652] vgaarb: device added: PCI:0000:00:02.0,decodes=io+mem,owns=io+mem,locks=none
[    1.567993] vgaarb: loaded
[    1.572430] vgaarb: bridge control possible 0000:00:02.0
[    1.577741] SCSI subsystem initialized
[    1.586542] ACPI: bus type USB registered
[    1.590268] usbcore: registered new interface driver usbfs
[    1.593532] usbcore: registered new interface driver hub
[    1.596030] usbcore: registered new device driver usb
[    1.598756] PCI: Using ACPI for IRQ routing
[    1.609682] NetLabel: Initializing
[    1.612562] NetLabel:  domain hash size = 128
[    1.615194] NetLabel:  protocols = UNLABELED CIPSOv4
[    1.619752] NetLabel:  unlabeled traffic allowed by default
[    1.624996] amd_nb: Cannot enumerate AMD northbridges
[    1.628090] clocksource: Switched to clocksource kvm-clock
[    1.670087] AppArmor: AppArmor Filesystem Enabled
[    1.673461] pnp: PnP ACPI init
[    1.677954] pnp: PnP ACPI: found 3 devices
[    1.699899] clocksource: acpi_pm: mask: 0xffffff max_cycles: 0xffffff, max_idle_ns: 2085701024 ns
[    1.707853] NET: Registered protocol family 2
[    1.711235] TCP established hash table entries: 8192 (order: 4, 65536 bytes)
[    1.715551] TCP bind hash table entries: 8192 (order: 5, 131072 bytes)
[    1.721674] TCP: Hash tables configured (established 8192 bind 8192)
[    1.726062] UDP hash table entries: 512 (order: 2, 16384 bytes)
[    1.728937] UDP-Lite hash table entries: 512 (order: 2, 16384 bytes)
[    1.732012] NET: Registered protocol family 1
[    1.734933] pci 0000:00:00.0: Limiting direct PCI/PCI transfers
[    1.740072] pci 0000:00:01.0: Activating ISA DMA hang workarounds
[    1.744869] Unpacking initramfs...
[    2.610768] Freeing initrd memory: 14884K
[    2.613604] RAPL PMU detected, API unit is 2^-32 Joules, 4 fixed counters 10737418240 ms ovfl timer
[    2.619772] hw unit of domain pp0-core 2^-0 Joules
[    2.623668] hw unit of domain package 2^-0 Joules
[    2.626016] hw unit of domain dram 2^-0 Joules
[    2.628202] hw unit of domain pp1-gpu 2^-0 Joules
[    2.630569] clocksource: tsc: mask: 0xffffffffffffffff max_cycles: 0x2283c44026a, max_idle_ns: 440795260713 ns
[    2.640444] platform rtc_cmos: registered platform RTC device (no PNP device found)
[    2.645824] Scanning for low memory corruption every 60 seconds
[    2.649059] audit: initializing netlink subsys (disabled)
[    2.654069] audit: type=2000 audit(1593709615.842:1): initialized
[    2.658139] Initialise system trusted keyring
[    2.660421] HugeTLB registered 2 MB page size, pre-allocated 0 pages
[    2.669062] zbud: loaded
[    2.672667] VFS: Disk quotas dquot_6.6.0
[    2.675066] VFS: Dquot-cache hash table entries: 512 (order 0, 4096 bytes)
[    2.679651] squashfs: version 4.0 (2009/01/31) Phillip Lougher
[    2.687344] fuse init (API version 7.23)
[    2.691214] Key type big_key registered
[    2.693480] Allocating IMA MOK and blacklist keyrings.
[    2.697788] Key type asymmetric registered
[    2.701102] Asymmetric key parser 'x509' registered
[    2.705759] Block layer SCSI generic (bsg) driver version 0.4 loaded (major 249)
[    2.710239] io scheduler noop registered
[    2.712743] io scheduler deadline registered (default)
[    2.715361] io scheduler cfq registered
[    2.719527] pci_hotplug: PCI Hot Plug PCI Core version: 0.5
[    2.724384] pciehp: PCI Express Hot Plug Controller Driver version: 0.4
[    2.727844] ACPI: AC Adapter [AC] (on-line)
[    2.731020] input: Power Button as /devices/LNXSYSTM:00/LNXPWRBN:00/input/input0
[    2.742755] ACPI: Power Button [PWRF]
[    2.745328] input: Sleep Button as /devices/LNXSYSTM:00/LNXSLPBN:00/input/input1
[    2.749529] ACPI: Sleep Button [SLPF]
[    2.754394] GHES: HEST is not enabled!
[    2.758197] Serial: 8250/16550 driver, 32 ports, IRQ sharing enabled
[    2.758370] ACPI: Battery Slot [BAT0] (battery present)
[    2.786206] 00:02: ttyS0 at I/O 0x3f8 (irq = 4, base_baud = 115200) is a 16550A
[    2.796237] Linux agpgart interface v0.103
[    2.804939] loop: module loaded
[    2.809215] scsi host0: ata_piix
[    2.811378] scsi host1: ata_piix
[    2.813486] ata1: PATA max UDMA/33 cmd 0x1f0 ctl 0x3f6 bmdma 0xd000 irq 14
[    2.816925] ata2: PATA max UDMA/33 cmd 0x170 ctl 0x376 bmdma 0xd008 irq 15
[    2.821826] libphy: Fixed MDIO Bus: probed
[    2.824394] tun: Universal TUN/TAP device driver, 1.6
[    2.827506] tun: (C) 1999-2004 Max Krasnyansky <maxk@qualcomm.com>
[    2.831367] PPP generic driver version 2.4.2
[    2.835274] ehci_hcd: USB 2.0 'Enhanced' Host Controller (EHCI) Driver
[    2.840521] ehci-pci: EHCI PCI platform driver
[    2.842810] ehci-platform: EHCI generic platform driver
[    2.845485] ohci_hcd: USB 1.1 'Open' Host Controller (OHCI) Driver
[    2.848780] ohci-pci: OHCI PCI platform driver
[    2.854382] ohci-platform: OHCI generic platform driver
[    2.860933] uhci_hcd: USB Universal Host Controller Interface driver
[    2.864812] i8042: PNP: PS/2 Controller [PNP0303:PS2K,PNP0f03:PS2M] at 0x60,0x64 irq 1,12
[    2.874808] serio: i8042 KBD port at 0x60,0x64 irq 1
[    2.877274] serio: i8042 AUX port at 0x60,0x64 irq 12
[    2.879903] mousedev: PS/2 mouse device common for all mice
[    2.884266] input: AT Translated Set 2 keyboard as /devices/platform/i8042/serio0/input/input2
[    2.891809] rtc_cmos rtc_cmos: rtc core: registered rtc_cmos as rtc0
[    2.895874] rtc_cmos rtc_cmos: alarms up to one day, 114 bytes nvram
[    2.899227] i2c /dev entries driver
[    2.902712] device-mapper: uevent: version 1.0.3
[    2.906691] device-mapper: ioctl: 4.34.0-ioctl (2015-10-28) initialised: dm-devel@redhat.com
[    2.910817] ledtrig-cpu: registered to indicate activity on CPUs
[    2.914599] NET: Registered protocol family 10
[    2.917558] NET: Registered protocol family 17
[    2.928185] Key type dns_resolver registered
[    2.932190] registered taskstats version 1
[    2.936754] Loading compiled-in X.509 certificates
[    2.942121] Loaded X.509 cert 'Build time autogenerated kernel key: b6ae09eed57f82583ccd3c65c463e852cdd7a0b5'
[    2.948288] zswap: loaded using pool lzo/zbud
[    2.961258] Key type trusted registered
[    3.014727] Key type encrypted registered
[    3.024940] AppArmor: AppArmor sha1 policy hashing enabled
[    3.029535] ima: No TPM chip found, activating TPM-bypass!
[    3.032571] ima: Allocated hash algorithm: sha1
[    3.041419] evm: HMAC attrs: 0x1
[    3.045032]   Magic number: 12:24:137
[    3.047570] rtc_cmos rtc_cmos: setting system clock to 2020-07-02 17:06:48 UTC (1593709608)
[    3.056045] BIOS EDD facility v0.16 2004-Jun-25, 0 devices found
[    3.059607] EDD information not available.
[    3.071074] Freeing unused kernel memory: 1492K
[    3.077152] Write protecting the kernel read-only data: 14336k
[    3.081777] Freeing unused kernel memory: 1596K
[    3.087332] Freeing unused kernel memory: 60K
Loading, please wait...
starting version 229
[    3.159868] random: systemd-udevd: uninitialized urandom read (16 bytes read, 5 bits of entropy available)
[    3.162344] random: udevadm: uninitialized urandom read (16 bytes read, 5 bits of entropy available)
[    3.162392] random: udevadm: uninitialized urandom read (16 bytes read, 5 bits of entropy available)
[    3.191209] random: systemd-udevd: uninitialized urandom read (16 bytes read, 5 bits of entropy available)
[    3.200320] random: systemd-udevd: uninitialized urandom read (16 bytes read, 5 bits of entropy available)
[    3.211197] random: udevadm: uninitialized urandom read (16 bytes read, 5 bits of entropy available)
[    3.211318] random: udevadm: uninitialized urandom read (16 bytes read, 5 bits of entropy available)
[    3.211722] random: udevadm: uninitialized urandom read (16 bytes read, 5 bits of entropy available)
[    3.211913] random: udevadm: uninitialized urandom read (16 bytes read, 5 bits of entropy available)
[    3.212051] random: udevadm: uninitialized urandom read (16 bytes read, 5 bits of entropy available)
[    3.413923] e1000: Intel(R) PRO/1000 Network Driver - version 7.3.21-k8-NAPI
[    3.421489] e1000: Copyright (c) 1999-2006 Intel Corporation.
[    3.430874] Fusion MPT base driver 3.04.20
[    3.436745] Copyright (c) 1999-2008 LSI Corporation
[    3.455773] Fusion MPT SPI Host driver 3.04.20
[    3.521291] AVX2 version of gcm_enc/dec engaged.
[    3.524424] AES CTR mode by8 optimization enabled
[    3.663974] input: ImExPS/2 Generic Explorer Mouse as /devices/platform/i8042/serio1/input/input4
[    4.137902] e1000 0000:00:03.0 eth0: (PCI:33MHz:32-bit) 02:89:fa:04:16:8f
[    4.151727] e1000 0000:00:03.0 eth0: Intel(R) PRO/1000 Network Connection
[    4.161454] mptbase: ioc0: Initiating bringup
[    4.225366] ioc0: LSI53C1030 A0: Capabilities={Initiator}
[    4.391461] scsi host2: ioc0: LSI53C1030 A0, FwRev=00000000h, Ports=1, MaxQ=256, IRQ=20
[    4.508628] scsi 2:0:0:0: Direct-Access     VBOX     HARDDISK         1.0  PQ: 0 ANSI: 5
[    4.516084] scsi target2:0:0: Beginning Domain Validation
[    4.523976] scsi target2:0:0: Domain Validation skipping write tests
[    4.527230] scsi target2:0:0: Ending Domain Validation
[    4.532066] scsi target2:0:0: asynchronous
[    4.580296] scsi 2:0:1:0: Direct-Access     VBOX     HARDDISK         1.0  PQ: 0 ANSI: 5
[    4.593737] scsi target2:0:1: Beginning Domain Validation
[    4.599997] scsi target2:0:1: Domain Validation skipping write tests
[    4.606398] scsi target2:0:1: Ending Domain Validation
[    4.610666] scsi target2:0:1: asynchronous
[    4.640378] sd 2:0:0:0: Attached scsi generic sg0 type 0
[    4.643594] sd 2:0:0:0: [sda] 20971520 512-byte logical blocks: (10.7 GB/10.0 GiB)
[    4.649375] sd 2:0:1:0: Attached scsi generic sg1 type 0
[    4.659828] sd 2:0:1:0: [sdb] 20480 512-byte logical blocks: (10.5 MB/10.0 MiB)
[    4.659906] sd 2:0:0:0: [sda] Write Protect is off
[    4.660142] sd 2:0:0:0: [sda] Incomplete mode parameter data
[    4.660146] sd 2:0:0:0: [sda] Assuming drive cache: write through
[    4.693708] sd 2:0:1:0: [sdb] Write Protect is off
[    4.697803] sd 2:0:1:0: [sdb] Incomplete mode parameter data
[    4.703911] sd 2:0:1:0: [sdb] Assuming drive cache: write through
[    4.705547]  sda: sda1
[    4.706629] sd 2:0:0:0: [sda] Attached SCSI disk
[    4.731759] sd 2:0:1:0: [sdb] Attached SCSI disk
[    5.415397] e1000 0000:00:08.0 eth1: (PCI:33MHz:32-bit) 08:00:27:5b:ec:44
[    5.421665] e1000 0000:00:08.0 eth1: Intel(R) PRO/1000 Network Connection
[    5.429031] e1000 0000:00:08.0 enp0s8: renamed from eth1
[    5.436746] e1000 0000:00:03.0 enp0s3: renamed from eth0
Begin: Loading essential drivers ... [    8.093589] md: linear personality registered for level -1
[    8.104713] md: multipath personality registered for level -4
[    8.117751] md: raid0 personality registered for level 0
[    8.135359] md: raid1 personality registered for level 1
[    8.218272] raid6: sse2x1   gen()  1257 MB/s
[    8.288854] raid6: sse2x1   xor()  1058 MB/s
[    8.356115] raid6: sse2x2   gen()  2961 MB/s
[    8.424996] raid6: sse2x2   xor()  2173 MB/s
[    8.492815] raid6: sse2x4   gen()  4416 MB/s
[    8.560169] raid6: sse2x4   xor()  2296 MB/s
[    8.628493] raid6: avx2x1   gen()  2884 MB/s
[    8.696853] raid6: avx2x2   gen()  5796 MB/s
[    8.764228] raid6: avx2x4   gen()  7574 MB/s
[    8.768300] raid6: using algorithm avx2x4 gen() 7574 MB/s
[    8.773401] raid6: using avx2x2 recovery algorithm
[    8.779068] xor: automatically using best checksumming function:
[    8.820463]    avx       : 12665.000 MB/sec
[    8.825836] async_tx: api initialized (async)
[    8.855954] md: raid6 personality registered for level 6
[    8.861320] md: raid5 personality registered for level 5
[    8.865179] md: raid4 personality registered for level 4
[    8.887110] md: raid10 personality registered for level 10
done.
Begin: Running /scripts/init-premount ... done.
Begin: Mounting root file system ... Begin: Running /scripts/local-top ... done.
Begin: Running /scripts/local-premount ... [    9.019354] Btrfs loaded
Scanning for Btrfs filesystems
done.
Warning: fsck not present, so skipping root file system
[    9.179157] EXT4-fs (sda1): mounted filesystem with ordered data mode. Opts: (null)
done.
Begin: Running /scripts/local-bottom ... done.
Begin: Running /scripts/init-bottom ... done.
[    9.713903] random: nonblocking pool is initialized
[   10.659775] systemd[1]: systemd 229 running in system mode. (+PAM +AUDIT +SELINUX +IMA +APPARMOR +SMACK +SYSVINIT +UTMP +LIBCRYPTSETUP +GCRYPT +GNUTLS +ACL +XZ -LZ4 +SECCOMP +BLKID +ELFUTILS +KMOD -IDN)
[   10.674437] systemd[1]: Detected virtualization oracle.
[   10.677676] systemd[1]: Detected architecture x86-64.

Welcome to [1mUbuntu 16.04.6 LTS[0m!

[   10.774195] systemd[1]: Set hostname to <ubuntu-xenial>.
[   13.345747] systemd[1]: Listening on Device-mapper event daemon FIFOs.
[[0;32m  OK  [0m] Listening on Device-mapper event daemon FIFOs.
[   13.355163] systemd[1]: Created slice System Slice.
[[0;32m  OK  [0m] Created slice System Slice.
[   13.361148] systemd[1]: Created slice User and Session Slice.
[[0;32m  OK  [0m] Created slice User and Session Slice.
[   13.380745] systemd[1]: Started Forward Password Requests to Wall Directory Watch.
[[0;32m  OK  [0m] Started Forward Password Requests to Wall Directory Watch.
[   13.389106] systemd[1]: Reached target User and Group Name Lookups.
[[0;32m  OK  [0m] Reached target User and Group Name Lookups.
[   13.394609] systemd[1]: Reached target System Time Synchronized.
[[0;32m  OK  [0m] Reached target System Time Synchronized.
[   13.402950] systemd[1]: Listening on Journal Audit Socket.
[[0;32m  OK  [0m] Listening on Journal Audit Socket.
[   13.418455] systemd[1]: Listening on udev Kernel Socket.
[[0;32m  OK  [0m] Listening on udev Kernel Socket.
[   13.427669] systemd[1]: Created slice system-serial\x2dgetty.slice.
[[0;32m  OK  [0m] Created slice system-serial\x2dgetty.slice.
[   13.438080] systemd[1]: Listening on Syslog Socket.
[[0;32m  OK  [0m] Listening on Syslog Socket.
[   13.443069] systemd[1]: Set up automount Arbitrary Executable File Formats File System Automount Point.
[[0;32m  OK  [0m] Set up automount Arbitrary Executab...ats File System Automount Point.
[   13.460646] systemd[1]: Reached target Slices.
[[0;32m  OK  [0m] Reached target Slices.
[   13.467934] systemd[1]: Listening on udev Control Socket.
[[0;32m  OK  [0m] Listening on udev Control Socket.
[   13.474243] systemd[1]: Started Trigger resolvconf update for networkd DNS.
[[0;32m  OK  [0m] Started Trigger resolvconf update for networkd DNS.
[   13.492373] systemd[1]: Listening on Journal Socket.
[[0;32m  OK  [0m] Listening on Journal Socket.
[   13.548493] systemd[1]: Mounting POSIX Message Queue File System...
         Mounting POSIX Message Queue File System...
[   13.559127] systemd[1]: Starting Nameserver information manager...
         Starting Nameserver information manager...
[   13.573703] systemd[1]: Starting Remount Root and Kernel File Systems...
         Starting Remount Root and Kernel File Systems...
[   13.588448] systemd[1]: Mounting Debug File System...
         Mounting Debug File System...
[   13.595525] systemd[1]: Starting Create list of required static device nodes for the current kernel...
         Starting Create list of required st... nodes for the current kernel...
[   13.609344] systemd[1]: Listening on Journal Socket (/dev/log).
[[0;32m  OK  [0m] Listening on Journal Socket (/dev/log).
[   13.621086] systemd[1]: Starting Journal Service...
         Starting Journal Service...
[   13.628881] systemd[1]: Listening on LVM2 poll daemon socket.
[[0;32m  OK  [0m] Listening on LVM2 poll daemon socket.
[   13.639081] systemd[1]: Listening on LVM2 metadata daemon socket.
[[0;32m  OK  [0m] Listening on LVM2 metadata daemon socket.
[   13.646724] systemd[1]: Starting Monitoring of LVM2 mirrors, snapshots etc. using dmeventd or progress polling...
         Starting Monitoring of LVM2 mirrors... dmeventd or progress polling...
[   13.663122] systemd[1]: Reached target Encrypted Volumes.
[[0;32m  OK  [0m] Reached target Encrypted Volumes.
[   13.768545] systemd[1]: Starting Load Kernel Modules...
         Starting Load Kernel Modules...
[   13.777166] systemd[1]: Listening on /dev/initctl Compatibility Named Pipe.
[[0;32m  OK  [0m] Listening on /dev/initctl Compatibility Named Pipe.
[   13.787027] systemd[1]: Starting Set console keymap...
         Starting Set console keymap...
[   13.804849] systemd[1]: Starting Uncomplicated firewall...
         Starting Uncomplicated firewall...
[   13.812486] systemd[1]: Reached target Swap.
[[0;32m  OK  [0m] Reached target Swap.
[   13.823178] systemd[1]: Mounting Huge Pages File System...
         Mounting Huge Pages File System...
[   13.845094] systemd[1]: Started Create list of required static device nodes for the current kernel.
[[0;32m  OK  [0m] Started Create list of required sta...ce nodes for the current kernel.
[   13.860001] systemd[1]: Starting Create Static Device Nodes in /dev...
         Starting Create Static Device Nodes in /dev...
[   14.030973] EXT4-fs (sda1): re-mounted. Opts: (null)
[   14.032296] systemd[1]: Mounted Huge Pages File System.
[[0;32m  OK  [0m] Mounted Huge Pages File System.
[   14.044535] systemd[1]: Mounted POSIX Message Queue File System.
[[0;32m  OK  [0m] Mounted POSIX Message Queue File System.
[   14.051799] systemd[1]: Mounted Debug File System.
[[0;32m  OK  [0m] Mounted Debug File System.
[   14.084525] systemd[1]: Started Remount Root and Kernel File Systems.
[[0;32m  OK  [0m] Started Remount Root and Kernel File Systems.
[   14.182077] systemd[1]: Starting udev Coldplug all Devices...
         Starting udev Coldplug all Devices...
[   14.195441] systemd[1]: Starting Load/Save Random Seed...
         Starting Load/Save Random Seed...
[   14.212454] systemd[1]: Started Uncomplicated firewall.
[[0;32m  OK  [0m] Started Uncomplicated firewall.
[   14.241318] systemd[1]: Started Nameserver information manager.
[[0;32m  OK  [0m] Started Nameserver information manager.
[   14.311959] systemd[1]: Started Load/Save Random Seed.
[[0;32m  OK  [0m] Started Load/Save Random Seed.
[   14.443797] Loading iSCSI transport class v2.0-870.
[   14.586931] systemd[1]: Started LVM2 metadata daemon.
[[0;32m  OK  [0m] Started LVM2 metadata daemon.
[   14.648611] systemd[1]: Started udev Coldplug all Devices.
[   14.665607] iscsi: registered transport (tcp)
[[0;32m  OK  [0m] Started udev Coldplug all Devices.
[   14.704683] systemd[1]: Started Journal Service.
[[0;32m  OK  [0m] Started Journal Service.
         Starting Flush Journal to Persistent Storage...
[[0;32m  OK  [0m] Started Set console keymap.
[   15.051022] systemd-journald[388]: Received request to flush runtime journal from PID 1
[   15.076423] iscsi: registered transport (iser)
[[0;32m  OK  [0m] Started Load Kernel Modules.
         Starting Apply Kernel Variables...
         Mounting FUSE Control File System...
[[0;32m  OK  [0m] Started Flush Journal to Persistent Storage.
[[0;32m  OK  [0m] Mounted FUSE Control File System.
[[0;32m  OK  [0m] Started Monitoring of LVM2 mirrors,...ng dmeventd or progress polling.
[[0;32m  OK  [0m] Started Create Static Device Nodes in /dev.
         Starting udev Kernel Device Manager...
[[0;32m  OK  [0m] Reached target Local File Systems (Pre).
[[0;32m  OK  [0m] Reached target Local File Systems.
         Starting Create Volatile Files and Directories...
         Starting Tell Plymouth To Write Out Runtime Data...
         Starting Set console font and keymap...
         Starting Initial cloud-init job (pre-networking)...
         Starting LSB: AppArmor initialization...
[[0;32m  OK  [0m] Started Apply Kernel Variables.
[[0;32m  OK  [0m] Started Tell Plymouth To Write Out Runtime Data.
[[0;32m  OK  [0m] Started Create Volatile Files and Directories.
         Starting Update UTMP about System Boot/Shutdown...
[[0;32m  OK  [0m] Started Update UTMP about System Boot/Shutdown.
[[0;32m  OK  [0m] Started udev Kernel Device Manager.
[[0;32m  OK  [0m] Started Dispatch Password Requests to Console Directory Watch.
[[0;32m  OK  [0m] Found device /dev/ttyS0.
[[0;32m  OK  [0m] Listening on Load/Save RF Kill Switch Status /dev/rfkill Watch.
[[0;32m  OK  [0m] Started LSB: AppArmor initialization.
[[0;32m  OK  [0m] Found device 82540EM Gigabit Ethern...r (PRO/1000 MT Desktop Adapter).
[[0;32m  OK  [0m] Found device 82540EM Gigabit Ethern...r (PRO/1000 MT Desktop Adapter).
[[0;32m  OK  [0m] Started Set console font and keymap.
[[0;32m  OK  [0m] Created slice system-getty.slice.
[   26.220454] cloud-init[478]: Cloud-init v. 19.4-33-gbb4131a2-0ubuntu1~16.04.1 running 'init-local' at Thu, 02 Jul 2020 17:07:11 +0000. Up 24.76 seconds.
[[0;32m  OK  [0m] Started Initial cloud-init job (pre-networking).
[[0;32m  OK  [0m] Reached target Network (Pre).
[[0;32m  OK  [0m] Started ifup for enp0s8.
[[0;32m  OK  [0m] Started ifup for enp0s3.
         Starting Raise network interfaces...
[[0;32m  OK  [0m] Started Raise network interfaces.
[[0;32m  OK  [0m] Reached target Network.
         Starting Initial cloud-init job (metadata service crawler)...
[   29.216457] cloud-init[1092]: Cloud-init v. 19.4-33-gbb4131a2-0ubuntu1~16.04.1 running 'init' at Thu, 02 Jul 2020 17:07:14 +0000. Up 27.96 seconds.
[   29.221271] cloud-init[1092]: ci-info: ++++++++++++++++++++++++++++++++++++++Net device info+++++++++++++++++++++++++++++++++++++++
[   29.226336] cloud-init[1092]: ci-info: +--------+------+-----------------------------+---------------+--------+-------------------+
[   29.231904] cloud-init[1092]: ci-info: | Device |  Up  |           Address           |      Mask     | Scope  |     Hw-Address    |
[   29.236496] cloud-init[1092]: ci-info: +--------+------+-----------------------------+---------------+--------+-------------------+
[   29.242351] cloud-init[1092]: ci-info: | enp0s3 | True |          10.0.2.15          | 255.255.255.0 | global | 02:89:fa:04:16:8f |
[   29.246824] cloud-init[1092]: ci-info: | enp0s3 | True |  fe80::89:faff:fe04:168f/64 |       .       |  link  | 02:89:fa:04:16:8f |
[   29.251300] cloud-init[1092]: ci-info: | enp0s8 | True |        192.168.10.100       | 255.255.255.0 | global | 08:00:27:5b:ec:44 |
[   29.255252] cloud-init[1092]: ci-info: | enp0s8 | True | fe80::a00:27ff:fe5b:ec44/64 |       .       |  link  | 08:00:27:5b:ec:44 |
[   29.259964] cloud-init[1092]: ci-info: |   lo   | True |          127.0.0.1          |   255.0.0.0   |  host  |         .         |
[   29.266534] cloud-init[1092]: ci-info: |   lo   | True |           ::1/128           |       .       |  host  |         .         |
[   29.270865] cloud-init[1092]: ci-info: +--------+------+-----------------------------+---------------+--------+-------------------+
[   29.275465] cloud-init[1092]: ci-info: ++++++++++++++++++++++++++++Route IPv4 info++++++++++++++++++++++++++++
[   29.280742] cloud-init[1092]: ci-info: +-------+--------------+----------+---------------+-----------+-------+
[   29.284268] cloud-init[1092]: ci-info: | Route | Destination  | Gateway  |    Genmask    | Interface | Flags |
[   29.287247] cloud-init[1092]: ci-info: +-------+--------------+----------+---------------+-----------+-------+
[   29.290842] cloud-init[1092]: ci-info: |   0   |   0.0.0.0    | 10.0.2.2 |    0.0.0.0    |   enp0s3  |   UG  |
[   29.295974] cloud-init[1092]: ci-info: |   1   |   10.0.2.0   | 0.0.0.0  | 255.255.255.0 |   enp0s3  |   U   |
[   29.300966] cloud-init[1092]: ci-info: |   2   | 192.168.10.0 | 0.0.0.0  | 255.255.255.0 |   enp0s8  |   U   |
[   29.306236] cloud-init[1092]: ci-info: +-------+--------------+----------+---------------+-----------+-------+
[   29.312377] cloud-init[1092]: ci-info: +++++++++++++++++++Route IPv6 info+++++++++++++++++++
[   29.316412] cloud-init[1092]: ci-info: +-------+-------------+---------+-----------+-------+
[   29.320192] cloud-init[1092]: ci-info: | Route | Destination | Gateway | Interface | Flags |
[   29.323985] cloud-init[1092]: ci-info: +-------+-------------+---------+-----------+-------+
[   29.327471] cloud-init[1092]: ci-info: |   0   |  fe80::/64  |    ::   |   enp0s8  |   U   |
[   29.332449] cloud-init[1092]: ci-info: |   1   |  fe80::/64  |    ::   |   enp0s3  |   U   |
[   29.336031] cloud-init[1092]: ci-info: |   5   |   ff00::/8  |    ::   |   enp0s8  |   U   |
[   29.340886] cloud-init[1092]: ci-info: |   6   |   ff00::/8  |    ::   |   enp0s3  |   U   |
[   29.347709] cloud-init[1092]: ci-info: +-------+-------------+---------+-----------+-------+
[[0;32m  OK  [0m] Started Initial cloud-init job (metadata service crawler).
[[0;32m  OK  [0m] Reached target Network is Online.
         Starting iSCSI initiator daemon (iscsid)...
[[0;32m  OK  [0m] Reached target System Initialization.
         Starting LXD - unix socket.
[[0;32m  OK  [0m] Started Daily apt download activities.
[[0;32m  OK  [0m] Listening on ACPID Listen Socket.
         Starting Socket activation for snappy daemon.
[[0;32m  OK  [0m] Started Daily Cleanup of Temporary Directories.
[[0;32m  OK  [0m] Started ACPI Events Check.
[[0;32m  OK  [0m] Reached target Paths.
[[0;32m  OK  [0m] Listening on UUID daemon activation socket.
[[0;32m  OK  [0m] Started Message of the Day.
[[0;32m  OK  [0m] Started Daily apt upgrade and clean activities.
[[0;32m  OK  [0m] Reached target Timers.
[[0;32m  OK  [0m] Listening on D-Bus System Message Bus Socket.
[[0;32m  OK  [0m] Reached target Cloud-config availability.
[[0;32m  OK  [0m] Listening on LXD - unix socket.
[[0;32m  OK  [0m] Listening on Socket activation for snappy daemon.
[[0;32m  OK  [0m] Reached target Sockets.
[[0;32m  OK  [0m] Reached target Basic System.
[[0;32m  OK  [0m] Started Deferred execution scheduler.
         Starting Login Service...
[[0;32m  OK  [0m] Started D-Bus System Message Bus.
[[0;32m  OK  [0m] Started ACPI event daemon.
[[0;32m  OK  [0m] Started FUSE filesystem for LXC.
         Starting LXD - container startup/shutdown...
         Starting LSB: MD monitoring daemon...
[[0;32m  OK  [0m] Started Regular background program processing daemon.
         Starting Virtualbox guest utils...
         Starting A high performance web server and a reverse proxy server...
         Starting Accounts Service...
         Starting /etc/rc.local Compatibility...
         Starting Snappy daemon...
         Starting System Logging Service...
         Starting OpenBSD Secure Shell server...
         Starting LSB: Record successful boot for GRUB...
[[0;32m  OK  [0m] Started iSCSI initiator daemon (iscsid).
[[0;32m  OK  [0m] Started /etc/rc.local Compatibility.
         Starting Login to default iSCSI targets...
[[0;32m  OK  [0m] Started Login Service.
[[0;32m  OK  [0m] Started Unattended Upgrades Shutdown.
[[0;32m  OK  [0m] Started System Logging Service.
[[0;32m  OK  [0m] Started Login to default iSCSI targets.
[[0;32m  OK  [0m] Reached target Remote File Systems (Pre).
[[0;32m  OK  [0m] Reached target Remote File Systems.
         Starting LSB: automatic crash report generation...
         Starting LSB: Set the CPU Frequency Scaling governor to "ondemand"...
         Starting LSB: daemon to balance interrupts for SMP systems...
         Starting Permit User Sessions...
[[0;32m  OK  [0m] Started LSB: MD monitoring daemon.
[[0;32m  OK  [0m] Started LSB: Set the CPU Frequency Scaling governor to "ondemand".
[[0;32m  OK  [0m] Started Permit User Sessions.
         Starting Hold until boot process finishes up...
         Starting Terminate Plymouth Boot Screen...
[[0;32m  OK  [0m] Started Hold until boot process finishes up.
[[0;32m  OK  [0m] Started Terminate Plymouth Boot Screen.
[[0;32m  OK  [0m] Started Getty on tty1.
         Starting Set console scheme...
[[0;32m  OK  [0m] Started Serial Getty on ttyS0.
[[0;32m  OK  [0m] Reached target Login Prompts.
[[0;32m  OK  [0m] Started Set console scheme.
[[0;32m  OK  [0m] Started LSB: Record successful boot for GRUB.
[[0;32m  OK  [0m] Started LSB: daemon to balance interrupts for SMP systems.
[[0;32m  OK  [0m] Started Virtualbox guest utils.
[[0;32m  OK  [0m] Started LSB: automatic crash report generation.
         Starting Authenticate and Authorize Users to Run Privileged Tasks...
[[0;32m  OK  [0m] Started OpenBSD Secure Shell server.
[[0;32m  OK  [0m] Started Authenticate and Authorize Users to Run Privileged Tasks.
[[0;32m  OK  [0m] Started Accounts Service.
[[0;32m  OK  [0m] Created slice User Slice of vagrant.
         Starting User Manager for UID 1000...
[[0;32m  OK  [0m] Started Session 1 of user vagrant.
[[0;32m  OK  [0m] Started User Manager for UID 1000.
[[0;32m  OK  [0m] Started A high performance web server and a reverse proxy server.

Ubuntu 16.04.6 LTS ubuntu-xenial ttyS0

ubuntu-xenial login: [   39.421252] cloud-init[1402]: Cloud-init v. 19.4-33-gbb4131a2-0ubuntu1~16.04.1 running 'modules:config' at Thu, 02 Jul 2020 17:07:25 +0000. Up 38.85 seconds.
[   41.431957] cloud-init[1460]: Cloud-init v. 19.4-33-gbb4131a2-0ubuntu1~16.04.1 running 'modules:final' at Thu, 02 Jul 2020 17:07:27 +0000. Up 40.89 seconds.
[   41.432673] cloud-init[1460]: Cloud-init v. 19.4-33-gbb4131a2-0ubuntu1~16.04.1 finished at Thu, 02 Jul 2020 17:07:27 +0000. Datasource DataSourceNoCloud [seed=/dev/sdb][dsmode=net].  Up 41.39 seconds
